Loading checkpoint shards:   0%|          | 0/2 [00:00<?, ?it/s]Loading checkpoint shards:  50%|█████     | 1/2 [00:06<00:06,  6.75s/it]Loading checkpoint shards: 100%|██████████| 2/2 [00:09<00:00,  4.46s/it]Loading checkpoint shards: 100%|██████████| 2/2 [00:09<00:00,  4.81s/it]
calibration
  0/512  1s
  64/512  52s
  128/512  103s
  192/512  154s
  256/512  205s
  320/512  256s
  384/512  308s
  448/512  359s
held-out
  0/50  1s
L 0 rho=.25 a=1.000 d=0.997 e=0.997 d_bd=0.990 b=0.974 bp=0.973 c=0.989 cp=0.989  |Im|/|S|=0.645
L 1 rho=.25 a=1.000 d=0.989 e=0.987 d_bd=0.978 b=0.967 bp=0.960 c=0.977 cp=0.972  |Im|/|S|=0.682
L 2 rho=.25 a=0.999 d=0.978 e=0.972 d_bd=0.964 b=0.953 bp=0.944 c=0.963 cp=0.955  |Im|/|S|=0.664
L 3 rho=.25 a=0.993 d=0.951 e=0.940 d_bd=0.929 b=0.915 bp=0.903 c=0.928 cp=0.916  |Im|/|S|=0.678
L 4 rho=.25 a=0.994 d=0.953 e=0.944 d_bd=0.932 b=0.915 bp=0.905 c=0.930 cp=0.921  |Im|/|S|=0.641
L 5 rho=.25 a=0.992 d=0.951 e=0.940 d_bd=0.928 b=0.911 bp=0.902 c=0.927 cp=0.918  |Im|/|S|=0.684
L 6 rho=.25 a=0.989 d=0.933 e=0.916 d_bd=0.900 b=0.880 bp=0.858 c=0.898 cp=0.878  |Im|/|S|=0.654
L 7 rho=.25 a=0.988 d=0.929 e=0.910 d_bd=0.894 b=0.874 bp=0.850 c=0.892 cp=0.871  |Im|/|S|=0.648
L 8 rho=.25 a=0.987 d=0.931 e=0.915 d_bd=0.901 b=0.880 bp=0.862 c=0.898 cp=0.882  |Im|/|S|=0.663
L 9 rho=.25 a=0.986 d=0.924 e=0.908 d_bd=0.894 b=0.871 bp=0.854 c=0.891 cp=0.875  |Im|/|S|=0.648
L10 rho=.25 a=0.987 d=0.925 e=0.907 d_bd=0.891 b=0.867 bp=0.845 c=0.888 cp=0.870  |Im|/|S|=0.673
L11 rho=.25 a=0.987 d=0.928 e=0.908 d_bd=0.892 b=0.868 bp=0.832 c=0.889 cp=0.859  |Im|/|S|=0.626
L12 rho=.25 a=0.983 d=0.918 e=0.898 d_bd=0.882 b=0.858 bp=0.828 c=0.879 cp=0.855  |Im|/|S|=0.660
L13 rho=.25 a=0.980 d=0.914 e=0.898 d_bd=0.883 b=0.862 bp=0.838 c=0.880 cp=0.860  |Im|/|S|=0.663
L14 rho=.25 a=0.984 d=0.920 e=0.900 d_bd=0.884 b=0.859 bp=0.820 c=0.880 cp=0.850  |Im|/|S|=0.574
L15 rho=.25 a=0.983 d=0.919 e=0.901 d_bd=0.885 b=0.862 bp=0.836 c=0.882 cp=0.861  |Im|/|S|=0.617
L16 rho=.25 a=0.983 d=0.924 e=0.907 d_bd=0.892 b=0.870 bp=0.840 c=0.889 cp=0.866  |Im|/|S|=0.609
L17 rho=.25 a=0.978 d=0.914 e=0.898 d_bd=0.885 b=0.866 bp=0.844 c=0.882 cp=0.865  |Im|/|S|=0.630
L18 rho=.25 a=0.972 d=0.907 e=0.894 d_bd=0.882 b=0.867 bp=0.850 c=0.881 cp=0.867  |Im|/|S|=0.603
L19 rho=.25 a=0.976 d=0.915 e=0.898 d_bd=0.885 b=0.867 bp=0.844 c=0.883 cp=0.865  |Im|/|S|=0.649
L20 rho=.25 a=0.975 d=0.911 e=0.893 d_bd=0.881 b=0.863 bp=0.840 c=0.878 cp=0.861  |Im|/|S|=0.653
L21 rho=.25 a=0.970 d=0.907 e=0.888 d_bd=0.878 b=0.862 bp=0.841 c=0.876 cp=0.859  |Im|/|S|=0.589
L22 rho=.25 a=0.967 d=0.900 e=0.883 d_bd=0.872 b=0.857 bp=0.840 c=0.870 cp=0.857  |Im|/|S|=0.612
L23 rho=.25 a=0.957 d=0.879 e=0.862 d_bd=0.852 b=0.839 bp=0.825 c=0.850 cp=0.839  |Im|/|S|=0.633
L24 rho=.25 a=0.968 d=0.904 e=0.886 d_bd=0.876 b=0.860 bp=0.843 c=0.874 cp=0.860  |Im|/|S|=0.603
L25 rho=.25 a=0.951 d=0.873 e=0.855 d_bd=0.845 b=0.832 bp=0.818 c=0.844 cp=0.831  |Im|/|S|=0.594
L26 rho=.25 a=0.963 d=0.893 e=0.876 d_bd=0.865 b=0.850 bp=0.834 c=0.863 cp=0.850  |Im|/|S|=0.594
L27 rho=.25 a=0.950 d=0.871 e=0.858 d_bd=0.849 b=0.836 bp=0.827 c=0.847 cp=0.840  |Im|/|S|=0.623
L28 rho=.25 a=0.954 d=0.876 e=0.862 d_bd=0.852 b=0.838 bp=0.828 c=0.850 cp=0.842  |Im|/|S|=0.644
L29 rho=.25 a=0.964 d=0.895 e=0.879 d_bd=0.868 b=0.852 bp=0.836 c=0.866 cp=0.852  |Im|/|S|=0.671
L30 rho=.25 a=0.957 d=0.880 e=0.867 d_bd=0.856 b=0.842 bp=0.832 c=0.854 cp=0.846  |Im|/|S|=0.522
L31 rho=.25 a=0.975 d=0.910 e=0.897 d_bd=0.883 b=0.864 bp=0.851 c=0.881 cp=0.870  |Im|/|S|=0.603
