Loading checkpoint shards:   0%|          | 0/2 [00:00<?, ?it/s]Loading checkpoint shards:  50%|█████     | 1/2 [00:07<00:07,  7.06s/it]Loading checkpoint shards: 100%|██████████| 2/2 [00:09<00:00,  4.54s/it]Loading checkpoint shards: 100%|██████████| 2/2 [00:09<00:00,  4.92s/it]
1/100 c4 len=4096
2/100 c4 len=4096
3/100 c4 len=4096
4/100 c4 len=4096
5/100 c4 len=4096
6/100 c4 len=4096
7/100 c4 len=4096
8/100 c4 len=4096
9/100 c4 len=4096
10/100 c4 len=4096
11/100 c4 len=4096
12/100 c4 len=4096
13/100 c4 len=4096
14/100 c4 len=4096
15/100 c4 len=4096
16/100 c4 len=4096
17/100 c4 len=4096
18/100 c4 len=4096
19/100 c4 len=4096
20/100 c4 len=4096
21/100 c4 len=4096
22/100 c4 len=4096
23/100 c4 len=4096
24/100 c4 len=4096
25/100 c4 len=4096
26/100 c4 len=4096
27/100 c4 len=4096
28/100 c4 len=4096
29/100 c4 len=4096
30/100 c4 len=4096
31/100 c4 len=4096
32/100 c4 len=4096
33/100 c4 len=4096
34/100 c4 len=4096
35/100 c4 len=4096
36/100 c4 len=4096
37/100 c4 len=4096
38/100 c4 len=4096
39/100 c4 len=4096
40/100 c4 len=4096
41/100 c4 len=4096
42/100 c4 len=4096
43/100 c4 len=4096
44/100 c4 len=4096
45/100 c4 len=4096
46/100 c4 len=4096
47/100 c4 len=4096
48/100 c4 len=4096
49/100 c4 len=4096
50/100 c4 len=4096
51/100 gsm8k len=1448
52/100 gsm8k len=1406
53/100 gsm8k len=1437
54/100 gsm8k len=1413
55/100 gsm8k len=1514
56/100 gsm8k len=1434
57/100 gsm8k len=1423
58/100 gsm8k len=1448
59/100 gsm8k len=1487
60/100 gsm8k len=1439
61/100 gsm8k len=1439
62/100 gsm8k len=1445
63/100 gsm8k len=1446
64/100 gsm8k len=1443
65/100 gsm8k len=1435
66/100 gsm8k len=1482
67/100 gsm8k len=1431
68/100 gsm8k len=1435
69/100 gsm8k len=1406
70/100 gsm8k len=1443
71/100 gsm8k len=1447
72/100 gsm8k len=1429
73/100 gsm8k len=1440
74/100 gsm8k len=1421
75/100 gsm8k len=1419
76/100 gsm8k len=1448
77/100 gsm8k len=1452
78/100 gsm8k len=1443
79/100 gsm8k len=1427
80/100 gsm8k len=1452
81/100 gsm8k len=1416
82/100 gsm8k len=1440
83/100 gsm8k len=1416
84/100 gsm8k len=1411
85/100 gsm8k len=1431
86/100 gsm8k len=1428
87/100 gsm8k len=1423
88/100 gsm8k len=1441
89/100 gsm8k len=1419
90/100 gsm8k len=1452
91/100 gsm8k len=1427
92/100 gsm8k len=1521
93/100 gsm8k len=1464
94/100 gsm8k len=1445
95/100 gsm8k len=1465
96/100 gsm8k len=1479
97/100 gsm8k len=1476
98/100 gsm8k len=1432
99/100 gsm8k len=1413
100/100 gsm8k len=1422
                 kl                                   relL2                                
method            a       b      bp       c       d       a       b      bp       c       d
src   rho                                                                                  
c4    0.125  0.0291  0.1792  0.2437  0.1564  0.0838  0.2643  0.6764  0.7491  0.6302  0.4813
      0.250  0.0159  0.1040  0.1483  0.0912  0.0531  0.1869  0.5361  0.6183  0.4997  0.3812
      0.500  0.0055  0.0385  0.0660  0.0360  0.0264  0.1090  0.3381  0.4285  0.3139  0.2480
gsm8k 0.125  0.0309  0.2025  0.2972  0.1772  0.0957  0.2637  0.6653  0.7525  0.6291  0.4867
      0.250  0.0166  0.1132  0.1732  0.0996  0.0604  0.1816  0.5219  0.6191  0.4930  0.3882
      0.500  0.0060  0.0414  0.0705  0.0382  0.0294  0.1064  0.3313  0.4186  0.3142  0.2528
